
> frontend@0.1.0 build
> react-scripts build

Creating an optimized production build...
Failed to compile.

TS2322: Type '{ name: string; eventDate: string; startTime: string; endTime: string; maxParticipants: number; currentParticipants: number; organizer: string; organizerEmail: string; organizerContact: string | undefined; ... 26 more ...; rejection_reason?: string | undefined; }[]' is not assignable to type 'Event[]'.
  Type '{ name: string; eventDate: string; startTime: string; endTime: string; maxParticipants: number; currentParticipants: number; organizer: string; organizerEmail: string; organizerContact: string | undefined; ... 26 more ...; rejection_reason?: string | undefined; }' is missing the following properties from type 'Event': bubbles, cancelBubble, cancelable, composed, and 18 more.
  [0m [90m 79 |[39m         
   [90m 80 |[39m         [90m// Map API events to local Event interface[39m
  [31m[1m>[22m[39m[90m 81 |[39m         [36mconst[39m mappedEvents[33m:[39m [33mEvent[39m[] [33m=[39m apiEvents[33m.[39mmap(event [33m=>[39m ({
   [90m    |[39m               [31m[1m^[22m[39m[31m[1m^[22m[39m[31m[1m^[22m[39m[31m[1m^[22m[39m[31m[1m^[22m[39m[31m[1m^[22m[39m[31m[1m^[22m[39m[31m[1m^[22m[39m[31m[1m^[22m[39m[31m[1m^[22m[39m[31m[1m^[22m[39m[31m[1m^[22m[39m
   [90m 82 |[39m           [33m...[39mevent[33m,[39m
   [90m 83 |[39m           [90m// Map API fields to legacy fields for compatibility[39m
   [90m 84 |[39m           name[33m:[39m event[33m.[39mtitle[33m,[39m[0m


